mode: set
github.com/gymbot/workout-tracker-back/internal/adapter/repository/postgres/connection.go:30.53,37.16 3 0
github.com/gymbot/workout-tracker-back/internal/adapter/repository/postgres/connection.go:37.16,39.3 1 0
github.com/gymbot/workout-tracker-back/internal/adapter/repository/postgres/connection.go:42.2,47.34 4 0
github.com/gymbot/workout-tracker-back/internal/adapter/repository/postgres/connection.go:47.34,49.3 1 0
github.com/gymbot/workout-tracker-back/internal/adapter/repository/postgres/connection.go:51.2,51.33 1 0
github.com/gymbot/workout-tracker-back/internal/adapter/repository/postgres/connection.go:55.68,57.16 2 0
github.com/gymbot/workout-tracker-back/internal/adapter/repository/postgres/connection.go:57.16,59.3 1 0
github.com/gymbot/workout-tracker-back/internal/adapter/repository/postgres/connection.go:62.2,67.34 4 0
github.com/gymbot/workout-tracker-back/internal/adapter/repository/postgres/connection.go:67.34,69.3 1 0
github.com/gymbot/workout-tracker-back/internal/adapter/repository/postgres/connection.go:71.2,71.33 1 0
github.com/gymbot/workout-tracker-back/internal/adapter/repository/postgres/connection.go:75.36,77.2 1 0
github.com/gymbot/workout-tracker-back/internal/adapter/repository/postgres/connection.go:80.35,82.2 1 0
github.com/gymbot/workout-tracker-back/internal/adapter/repository/postgres/magic_link_repository.go:19.68,21.2 1 1
github.com/gymbot/workout-tracker-back/internal/adapter/repository/postgres/magic_link_repository.go:24.37,26.44 2 1
github.com/gymbot/workout-tracker-back/internal/adapter/repository/postgres/magic_link_repository.go:26.44,28.3 1 0
github.com/gymbot/workout-tracker-back/internal/adapter/repository/postgres/magic_link_repository.go:30.2,31.18 2 1
github.com/gymbot/workout-tracker-back/internal/adapter/repository/postgres/magic_link_repository.go:35.90,37.16 2 0
github.com/gymbot/workout-tracker-back/internal/adapter/repository/postgres/magic_link_repository.go:37.16,39.3 1 0
github.com/gymbot/workout-tracker-back/internal/adapter/repository/postgres/magic_link_repository.go:41.2,54.16 4 0
github.com/gymbot/workout-tracker-back/internal/adapter/repository/postgres/magic_link_repository.go:54.16,56.3 1 0
github.com/gymbot/workout-tracker-back/internal/adapter/repository/postgres/magic_link_repository.go:58.2,58.24 1 0
github.com/gymbot/workout-tracker-back/internal/adapter/repository/postgres/magic_link_repository.go:62.91,72.26 4 0
github.com/gymbot/workout-tracker-back/internal/adapter/repository/postgres/magic_link_repository.go:72.26,74.3 1 0
github.com/gymbot/workout-tracker-back/internal/adapter/repository/postgres/magic_link_repository.go:75.2,75.16 1 0
github.com/gymbot/workout-tracker-back/internal/adapter/repository/postgres/magic_link_repository.go:75.16,77.3 1 0
github.com/gymbot/workout-tracker-back/internal/adapter/repository/postgres/magic_link_repository.go:80.2,80.12 1 0
github.com/gymbot/workout-tracker-back/internal/adapter/repository/postgres/magic_link_repository.go:80.12,83.3 2 0
github.com/gymbot/workout-tracker-back/internal/adapter/repository/postgres/magic_link_repository.go:85.2,85.20 1 0
github.com/gymbot/workout-tracker-back/internal/adapter/repository/postgres/magic_link_repository.go:89.75,92.16 3 0
github.com/gymbot/workout-tracker-back/internal/adapter/repository/postgres/magic_link_repository.go:92.16,94.3 1 0
github.com/gymbot/workout-tracker-back/internal/adapter/repository/postgres/magic_link_repository.go:95.2,95.30 1 0
github.com/gymbot/workout-tracker-back/internal/adapter/repository/postgres/set_repository.go:23.56,25.2 1 0
github.com/gymbot/workout-tracker-back/internal/adapter/repository/postgres/set_repository.go:30.89,37.2 1 0
github.com/gymbot/workout-tracker-back/internal/adapter/repository/postgres/set_repository.go:42.79,53.16 3 0
github.com/gymbot/workout-tracker-back/internal/adapter/repository/postgres/set_repository.go:53.16,57.3 1 0
github.com/gymbot/workout-tracker-back/internal/adapter/repository/postgres/set_repository.go:59.2,59.12 1 0
github.com/gymbot/workout-tracker-back/internal/adapter/repository/postgres/set_repository.go:63.100,67.54 2 0
github.com/gymbot/workout-tracker-back/internal/adapter/repository/postgres/set_repository.go:67.54,69.3 1 0
github.com/gymbot/workout-tracker-back/internal/adapter/repository/postgres/set_repository.go:70.2,72.16 3 0
github.com/gymbot/workout-tracker-back/internal/adapter/repository/postgres/set_repository.go:72.16,74.3 1 0
github.com/gymbot/workout-tracker-back/internal/adapter/repository/postgres/set_repository.go:77.2,80.26 4 0
github.com/gymbot/workout-tracker-back/internal/adapter/repository/postgres/set_repository.go:80.26,82.3 1 0
github.com/gymbot/workout-tracker-back/internal/adapter/repository/postgres/set_repository.go:83.2,83.16 1 0
github.com/gymbot/workout-tracker-back/internal/adapter/repository/postgres/set_repository.go:83.16,85.3 1 0
github.com/gymbot/workout-tracker-back/internal/adapter/repository/postgres/set_repository.go:88.2,99.19 3 0
github.com/gymbot/workout-tracker-back/internal/adapter/repository/postgres/set_repository.go:99.19,101.3 1 0
github.com/gymbot/workout-tracker-back/internal/adapter/repository/postgres/set_repository.go:103.2,104.17 2 0
github.com/gymbot/workout-tracker-back/internal/adapter/repository/postgres/set_repository.go:104.17,106.3 1 0
github.com/gymbot/workout-tracker-back/internal/adapter/repository/postgres/set_repository.go:108.2,109.16 2 0
github.com/gymbot/workout-tracker-back/internal/adapter/repository/postgres/set_repository.go:109.16,111.3 1 0
github.com/gymbot/workout-tracker-back/internal/adapter/repository/postgres/set_repository.go:113.2,113.12 1 0
github.com/gymbot/workout-tracker-back/internal/adapter/repository/postgres/set_repository.go:118.123,132.16 3 0
github.com/gymbot/workout-tracker-back/internal/adapter/repository/postgres/set_repository.go:132.16,134.3 1 0
github.com/gymbot/workout-tracker-back/internal/adapter/repository/postgres/set_repository.go:135.2,138.18 3 0
github.com/gymbot/workout-tracker-back/internal/adapter/repository/postgres/set_repository.go:138.18,141.56 3 0
github.com/gymbot/workout-tracker-back/internal/adapter/repository/postgres/set_repository.go:141.56,143.4 1 0
github.com/gymbot/workout-tracker-back/internal/adapter/repository/postgres/set_repository.go:144.3,144.30 1 0
github.com/gymbot/workout-tracker-back/internal/adapter/repository/postgres/set_repository.go:147.2,147.35 1 0
github.com/gymbot/workout-tracker-back/internal/adapter/repository/postgres/set_repository.go:147.35,149.3 1 0
github.com/gymbot/workout-tracker-back/internal/adapter/repository/postgres/set_repository.go:151.2,151.21 1 0
github.com/gymbot/workout-tracker-back/internal/adapter/repository/postgres/workout_repository.go:24.94,26.2 1 0
github.com/gymbot/workout-tracker-back/internal/adapter/repository/postgres/workout_repository.go:29.36,31.28 1 0
github.com/gymbot/workout-tracker-back/internal/adapter/repository/postgres/workout_repository.go:31.28,32.24 1 0
github.com/gymbot/workout-tracker-back/internal/adapter/repository/postgres/workout_repository.go:32.24,35.4 2 0
github.com/gymbot/workout-tracker-back/internal/adapter/repository/postgres/workout_repository.go:38.2,39.13 2 0
github.com/gymbot/workout-tracker-back/internal/adapter/repository/postgres/workout_repository.go:44.52,45.28 1 0
github.com/gymbot/workout-tracker-back/internal/adapter/repository/postgres/workout_repository.go:45.28,46.24 1 0
github.com/gymbot/workout-tracker-back/internal/adapter/repository/postgres/workout_repository.go:46.24,50.4 3 0
github.com/gymbot/workout-tracker-back/internal/adapter/repository/postgres/workout_repository.go:53.2,54.17 2 0
github.com/gymbot/workout-tracker-back/internal/adapter/repository/postgres/workout_repository.go:58.106,82.26 6 0
github.com/gymbot/workout-tracker-back/internal/adapter/repository/postgres/workout_repository.go:82.26,84.3 1 0
github.com/gymbot/workout-tracker-back/internal/adapter/repository/postgres/workout_repository.go:85.2,85.16 1 0
github.com/gymbot/workout-tracker-back/internal/adapter/repository/postgres/workout_repository.go:85.16,87.3 1 0
github.com/gymbot/workout-tracker-back/internal/adapter/repository/postgres/workout_repository.go:90.2,116.16 6 0
github.com/gymbot/workout-tracker-back/internal/adapter/repository/postgres/workout_repository.go:116.16,118.3 1 0
github.com/gymbot/workout-tracker-back/internal/adapter/repository/postgres/workout_repository.go:119.2,124.18 3 0
github.com/gymbot/workout-tracker-back/internal/adapter/repository/postgres/workout_repository.go:124.18,131.122 6 0
github.com/gymbot/workout-tracker-back/internal/adapter/repository/postgres/workout_repository.go:131.122,133.4 1 0
github.com/gymbot/workout-tracker-back/internal/adapter/repository/postgres/workout_repository.go:137.3,151.23 5 0
github.com/gymbot/workout-tracker-back/internal/adapter/repository/postgres/workout_repository.go:151.23,153.4 1 0
github.com/gymbot/workout-tracker-back/internal/adapter/repository/postgres/workout_repository.go:157.3,157.30 1 0
github.com/gymbot/workout-tracker-back/internal/adapter/repository/postgres/workout_repository.go:157.30,159.43 2 0
github.com/gymbot/workout-tracker-back/internal/adapter/repository/postgres/workout_repository.go:159.43,161.5 1 0
github.com/gymbot/workout-tracker-back/internal/adapter/repository/postgres/workout_repository.go:161.10,161.59 1 0
github.com/gymbot/workout-tracker-back/internal/adapter/repository/postgres/workout_repository.go:161.59,164.5 1 0
github.com/gymbot/workout-tracker-back/internal/adapter/repository/postgres/workout_repository.go:167.4,168.22 2 0
github.com/gymbot/workout-tracker-back/internal/adapter/repository/postgres/workout_repository.go:168.22,170.5 1 0
github.com/gymbot/workout-tracker-back/internal/adapter/repository/postgres/workout_repository.go:172.4,179.25 2 0
github.com/gymbot/workout-tracker-back/internal/adapter/repository/postgres/workout_repository.go:183.3,186.33 3 0
github.com/gymbot/workout-tracker-back/internal/adapter/repository/postgres/workout_repository.go:189.2,189.35 1 0
github.com/gymbot/workout-tracker-back/internal/adapter/repository/postgres/workout_repository.go:189.35,191.3 1 0
github.com/gymbot/workout-tracker-back/internal/adapter/repository/postgres/workout_repository.go:193.2,193.21 1 0
github.com/gymbot/workout-tracker-back/internal/adapter/repository/postgres/workout_repository.go:197.101,218.26 6 0
github.com/gymbot/workout-tracker-back/internal/adapter/repository/postgres/workout_repository.go:218.26,220.3 1 0
github.com/gymbot/workout-tracker-back/internal/adapter/repository/postgres/workout_repository.go:221.2,221.16 1 0
github.com/gymbot/workout-tracker-back/internal/adapter/repository/postgres/workout_repository.go:221.16,223.3 1 0
github.com/gymbot/workout-tracker-back/internal/adapter/repository/postgres/workout_repository.go:226.2,231.21 4 0
github.com/gymbot/workout-tracker-back/internal/adapter/repository/postgres/workout_repository.go:235.87,243.16 3 0
github.com/gymbot/workout-tracker-back/internal/adapter/repository/postgres/workout_repository.go:243.16,245.3 1 0
github.com/gymbot/workout-tracker-back/internal/adapter/repository/postgres/workout_repository.go:247.2,248.16 2 0
github.com/gymbot/workout-tracker-back/internal/adapter/repository/postgres/workout_repository.go:248.16,250.3 1 0
github.com/gymbot/workout-tracker-back/internal/adapter/repository/postgres/workout_repository.go:252.2,252.23 1 0
github.com/gymbot/workout-tracker-back/internal/adapter/repository/postgres/workout_repository.go:252.23,254.3 1 0
github.com/gymbot/workout-tracker-back/internal/adapter/repository/postgres/workout_repository.go:256.2,256.12 1 0
github.com/gymbot/workout-tracker-back/internal/application/usecase/complete_workout.go:18.94,22.2 1 0
github.com/gymbot/workout-tracker-back/internal/application/usecase/complete_workout.go:25.153,26.21 1 0
github.com/gymbot/workout-tracker-back/internal/application/usecase/complete_workout.go:26.21,28.3 1 0
github.com/gymbot/workout-tracker-back/internal/application/usecase/complete_workout.go:30.2,31.16 2 0
github.com/gymbot/workout-tracker-back/internal/application/usecase/complete_workout.go:31.16,33.3 1 0
github.com/gymbot/workout-tracker-back/internal/application/usecase/complete_workout.go:35.2,39.8 1 0
github.com/gymbot/workout-tracker-back/internal/application/usecase/get_today_workout.go:18.94,22.2 1 1
github.com/gymbot/workout-tracker-back/internal/application/usecase/get_today_workout.go:25.114,26.18 1 1
github.com/gymbot/workout-tracker-back/internal/application/usecase/get_today_workout.go:26.18,28.3 1 1
github.com/gymbot/workout-tracker-back/internal/application/usecase/get_today_workout.go:30.2,31.16 2 1
github.com/gymbot/workout-tracker-back/internal/application/usecase/get_today_workout.go:31.16,33.3 1 1
github.com/gymbot/workout-tracker-back/internal/application/usecase/get_today_workout.go:35.2,35.20 1 1
github.com/gymbot/workout-tracker-back/internal/application/usecase/get_today_workout.go:35.20,37.3 1 1
github.com/gymbot/workout-tracker-back/internal/application/usecase/get_today_workout.go:40.2,48.45 2 1
github.com/gymbot/workout-tracker-back/internal/application/usecase/get_today_workout.go:48.45,61.37 2 1
github.com/gymbot/workout-tracker-back/internal/application/usecase/get_today_workout.go:61.37,69.4 1 1
github.com/gymbot/workout-tracker-back/internal/application/usecase/get_today_workout.go:71.3,71.37 1 1
github.com/gymbot/workout-tracker-back/internal/application/usecase/get_today_workout.go:71.37,73.4 1 1
github.com/gymbot/workout-tracker-back/internal/application/usecase/get_today_workout.go:75.3,75.39 1 1
github.com/gymbot/workout-tracker-back/internal/application/usecase/get_today_workout.go:75.39,77.4 1 1
github.com/gymbot/workout-tracker-back/internal/application/usecase/get_today_workout.go:79.3,79.63 1 1
github.com/gymbot/workout-tracker-back/internal/application/usecase/get_today_workout.go:82.2,82.22 1 1
github.com/gymbot/workout-tracker-back/internal/application/usecase/mark_set_complete.go:18.86,22.2 1 1
github.com/gymbot/workout-tracker-back/internal/application/usecase/mark_set_complete.go:25.116,26.17 1 1
github.com/gymbot/workout-tracker-back/internal/application/usecase/mark_set_complete.go:26.17,28.3 1 1
github.com/gymbot/workout-tracker-back/internal/application/usecase/mark_set_complete.go:30.2,31.16 2 1
github.com/gymbot/workout-tracker-back/internal/application/usecase/mark_set_complete.go:31.16,33.3 1 1
github.com/gymbot/workout-tracker-back/internal/application/usecase/mark_set_complete.go:35.2,39.8 1 1
github.com/gymbot/workout-tracker-back/internal/application/usecase/update_set.go:18.74,22.2 1 1
github.com/gymbot/workout-tracker-back/internal/application/usecase/update_set.go:25.131,26.17 1 1
github.com/gymbot/workout-tracker-back/internal/application/usecase/update_set.go:26.17,28.3 1 1
github.com/gymbot/workout-tracker-back/internal/application/usecase/update_set.go:30.2,30.54 1 1
github.com/gymbot/workout-tracker-back/internal/application/usecase/update_set.go:30.54,32.3 1 1
github.com/gymbot/workout-tracker-back/internal/application/usecase/update_set.go:35.2,35.38 1 1
github.com/gymbot/workout-tracker-back/internal/application/usecase/update_set.go:35.38,37.3 1 1
github.com/gymbot/workout-tracker-back/internal/application/usecase/update_set.go:39.2,40.16 2 1
github.com/gymbot/workout-tracker-back/internal/application/usecase/update_set.go:40.16,42.3 1 1
github.com/gymbot/workout-tracker-back/internal/application/usecase/update_set.go:44.2,48.8 1 1
github.com/gymbot/workout-tracker-back/internal/domain/entity/exercise.go:27.92,39.2 1 1
github.com/gymbot/workout-tracker-back/internal/domain/entity/exercise.go:42.36,44.2 1 1
github.com/gymbot/workout-tracker-back/internal/domain/entity/exercise.go:47.36,49.2 1 1
github.com/gymbot/workout-tracker-back/internal/domain/entity/exercise.go:52.39,54.2 1 1
github.com/gymbot/workout-tracker-back/internal/domain/entity/exercise.go:57.44,58.22 1 1
github.com/gymbot/workout-tracker-back/internal/domain/entity/exercise.go:58.22,60.3 1 1
github.com/gymbot/workout-tracker-back/internal/domain/entity/exercise.go:61.2,61.29 1 1
github.com/gymbot/workout-tracker-back/internal/domain/entity/exercise.go:61.29,62.21 1 1
github.com/gymbot/workout-tracker-back/internal/domain/entity/exercise.go:62.21,64.4 1 1
github.com/gymbot/workout-tracker-back/internal/domain/entity/exercise.go:66.2,66.13 1 1
github.com/gymbot/workout-tracker-back/internal/domain/entity/exercise.go:70.45,72.29 2 1
github.com/gymbot/workout-tracker-back/internal/domain/entity/exercise.go:72.29,73.20 1 1
github.com/gymbot/workout-tracker-back/internal/domain/entity/exercise.go:73.20,75.4 1 1
github.com/gymbot/workout-tracker-back/internal/domain/entity/exercise.go:77.2,77.14 1 1
github.com/gymbot/workout-tracker-back/internal/domain/entity/set.go:17.77,26.2 1 1
github.com/gymbot/workout-tracker-back/internal/domain/entity/set.go:29.30,33.2 3 1
github.com/gymbot/workout-tracker-back/internal/domain/entity/set.go:36.36,38.2 1 1
github.com/gymbot/workout-tracker-back/internal/domain/entity/set.go:41.43,43.2 1 1
github.com/gymbot/workout-tracker-back/internal/domain/entity/user.go:17.86,27.2 1 0
github.com/gymbot/workout-tracker-back/internal/domain/entity/workout.go:19.106,30.2 1 1
github.com/gymbot/workout-tracker-back/internal/domain/entity/workout.go:33.50,35.2 1 1
github.com/gymbot/workout-tracker-back/internal/domain/entity/workout.go:38.34,42.2 3 1
github.com/gymbot/workout-tracker-back/internal/domain/entity/workout.go:45.48,46.27 1 1
github.com/gymbot/workout-tracker-back/internal/domain/entity/workout.go:46.27,48.3 1 1
github.com/gymbot/workout-tracker-back/internal/domain/entity/workout.go:49.2,49.39 1 1
github.com/gymbot/workout-tracker-back/internal/domain/entity/workout.go:49.39,50.35 1 1
github.com/gymbot/workout-tracker-back/internal/domain/entity/workout.go:50.35,52.4 1 1
github.com/gymbot/workout-tracker-back/internal/domain/entity/workout.go:54.2,54.13 1 1
github.com/gymbot/workout-tracker-back/internal/domain/entity/workout.go:58.35,60.39 2 1
github.com/gymbot/workout-tracker-back/internal/domain/entity/workout.go:60.39,62.3 1 1
github.com/gymbot/workout-tracker-back/internal/domain/entity/workout.go:63.2,63.14 1 1
github.com/gymbot/workout-tracker-back/internal/domain/entity/workout.go:67.39,69.39 2 1
github.com/gymbot/workout-tracker-back/internal/domain/entity/workout.go:69.39,71.3 1 1
github.com/gymbot/workout-tracker-back/internal/domain/entity/workout.go:72.2,72.18 1 1
github.com/gymbot/workout-tracker-back/internal/adapter/http/handler/health_handler.go:16.40,20.2 1 1
github.com/gymbot/workout-tracker-back/internal/adapter/http/handler/health_handler.go:30.47,36.2 1 1
github.com/gymbot/workout-tracker-back/internal/adapter/http/handler/set_handler.go:20.15,25.2 1 1
github.com/gymbot/workout-tracker-back/internal/adapter/http/handler/set_handler.go:28.51,30.17 2 1
github.com/gymbot/workout-tracker-back/internal/adapter/http/handler/set_handler.go:30.17,33.3 2 0
github.com/gymbot/workout-tracker-back/internal/adapter/http/handler/set_handler.go:35.2,36.16 2 1
github.com/gymbot/workout-tracker-back/internal/adapter/http/handler/set_handler.go:36.16,39.3 2 1
github.com/gymbot/workout-tracker-back/internal/adapter/http/handler/set_handler.go:41.2,41.29 1 1
github.com/gymbot/workout-tracker-back/internal/adapter/http/handler/set_handler.go:45.45,47.17 2 1
github.com/gymbot/workout-tracker-back/internal/adapter/http/handler/set_handler.go:47.17,50.3 2 0
github.com/gymbot/workout-tracker-back/internal/adapter/http/handler/set_handler.go:52.2,53.47 2 1
github.com/gymbot/workout-tracker-back/internal/adapter/http/handler/set_handler.go:53.47,56.3 2 1
github.com/gymbot/workout-tracker-back/internal/adapter/http/handler/set_handler.go:58.2,59.16 2 1
github.com/gymbot/workout-tracker-back/internal/adapter/http/handler/set_handler.go:59.16,62.3 2 1
github.com/gymbot/workout-tracker-back/internal/adapter/http/handler/set_handler.go:64.2,64.29 1 1
github.com/gymbot/workout-tracker-back/internal/adapter/http/handler/workout_handler.go:20.19,25.2 1 1
github.com/gymbot/workout-tracker-back/internal/adapter/http/handler/workout_handler.go:28.58,31.13 2 1
github.com/gymbot/workout-tracker-back/internal/adapter/http/handler/workout_handler.go:31.13,34.3 2 1
github.com/gymbot/workout-tracker-back/internal/adapter/http/handler/workout_handler.go:36.2,37.16 2 1
github.com/gymbot/workout-tracker-back/internal/adapter/http/handler/workout_handler.go:37.16,40.3 2 1
github.com/gymbot/workout-tracker-back/internal/adapter/http/handler/workout_handler.go:42.2,42.29 1 1
github.com/gymbot/workout-tracker-back/internal/adapter/http/handler/workout_handler.go:46.58,48.21 2 1
github.com/gymbot/workout-tracker-back/internal/adapter/http/handler/workout_handler.go:48.21,51.3 2 0
github.com/gymbot/workout-tracker-back/internal/adapter/http/handler/workout_handler.go:53.2,54.47 2 1
github.com/gymbot/workout-tracker-back/internal/adapter/http/handler/workout_handler.go:54.47,57.3 1 1
github.com/gymbot/workout-tracker-back/internal/adapter/http/handler/workout_handler.go:59.2,60.16 2 1
github.com/gymbot/workout-tracker-back/internal/adapter/http/handler/workout_handler.go:60.16,63.3 2 1
github.com/gymbot/workout-tracker-back/internal/adapter/http/handler/workout_handler.go:65.2,65.29 1 1
github.com/gymbot/workout-tracker-back/internal/adapter/http/middleware/auth.go:14.62,15.30 1 1
github.com/gymbot/workout-tracker-back/internal/adapter/http/middleware/auth.go:15.30,17.62 1 1
github.com/gymbot/workout-tracker-back/internal/adapter/http/middleware/auth.go:17.62,19.18 2 1
github.com/gymbot/workout-tracker-back/internal/adapter/http/middleware/auth.go:19.18,22.5 2 1
github.com/gymbot/workout-tracker-back/internal/adapter/http/middleware/auth.go:23.4,25.10 3 1
github.com/gymbot/workout-tracker-back/internal/adapter/http/middleware/auth.go:29.3,29.49 1 1
github.com/gymbot/workout-tracker-back/internal/adapter/http/middleware/auth.go:29.49,33.4 3 1
github.com/gymbot/workout-tracker-back/internal/adapter/http/middleware/auth.go:35.3,35.72 1 1
github.com/gymbot/workout-tracker-back/internal/adapter/http/middleware/cors.go:8.29,9.30 1 1
github.com/gymbot/workout-tracker-back/internal/adapter/http/middleware/cors.go:9.30,15.36 5 1
github.com/gymbot/workout-tracker-back/internal/adapter/http/middleware/cors.go:15.36,18.4 2 1
github.com/gymbot/workout-tracker-back/internal/adapter/http/middleware/cors.go:20.3,20.11 1 1
github.com/gymbot/workout-tracker-back/internal/adapter/http/middleware/error_handler.go:13.37,14.30 1 1
github.com/gymbot/workout-tracker-back/internal/adapter/http/middleware/error_handler.go:14.30,15.16 1 1
github.com/gymbot/workout-tracker-back/internal/adapter/http/middleware/error_handler.go:15.16,16.36 1 1
github.com/gymbot/workout-tracker-back/internal/adapter/http/middleware/error_handler.go:16.36,26.5 3 1
github.com/gymbot/workout-tracker-back/internal/adapter/http/middleware/error_handler.go:28.3,31.24 2 1
github.com/gymbot/workout-tracker-back/internal/adapter/http/middleware/error_handler.go:31.24,34.11 3 1
github.com/gymbot/workout-tracker-back/internal/adapter/http/middleware/error_handler.go:34.11,36.5 1 1
github.com/gymbot/workout-tracker-back/internal/adapter/http/middleware/error_handler.go:38.4,44.6 1 1
github.com/gymbot/workout-tracker-back/internal/config/config.go:29.30,37.16 4 1
github.com/gymbot/workout-tracker-back/internal/config/config.go:37.16,39.3 1 1
github.com/gymbot/workout-tracker-back/internal/config/config.go:40.2,45.28 4 1
github.com/gymbot/workout-tracker-back/internal/config/config.go:45.28,47.3 1 1
github.com/gymbot/workout-tracker-back/internal/config/config.go:49.2,49.17 1 1
github.com/gymbot/workout-tracker-back/internal/config/config.go:53.46,54.48 1 1
github.com/gymbot/workout-tracker-back/internal/config/config.go:54.48,56.3 1 1
github.com/gymbot/workout-tracker-back/internal/config/config.go:57.2,57.21 1 1
github.com/gymbot/workout-tracker-back/internal/config/config.go:61.61,63.20 2 1
github.com/gymbot/workout-tracker-back/internal/config/config.go:63.20,65.3 1 1
github.com/gymbot/workout-tracker-back/internal/config/config.go:66.2,67.16 2 1
github.com/gymbot/workout-tracker-back/internal/config/config.go:67.16,69.3 1 1
github.com/gymbot/workout-tracker-back/internal/config/config.go:70.2,70.19 1 1
github.com/gymbot/workout-tracker-back/internal/config/config.go:74.55,76.20 2 1
github.com/gymbot/workout-tracker-back/internal/config/config.go:76.20,78.3 1 1
github.com/gymbot/workout-tracker-back/internal/config/config.go:79.2,80.16 2 1
github.com/gymbot/workout-tracker-back/internal/config/config.go:80.16,82.3 1 1
github.com/gymbot/workout-tracker-back/internal/config/config.go:83.2,83.14 1 1
github.com/gymbot/workout-tracker-back/internal/config/config.go:87.38,89.2 1 1
github.com/gymbot/workout-tracker-back/pkg/apperror/errors.go:16.35,17.18 1 1
github.com/gymbot/workout-tracker-back/pkg/apperror/errors.go:17.18,19.3 1 1
github.com/gymbot/workout-tracker-back/pkg/apperror/errors.go:20.2,20.18 1 1
github.com/gymbot/workout-tracker-back/pkg/apperror/errors.go:24.35,26.2 1 1
github.com/gymbot/workout-tracker-back/pkg/apperror/errors.go:29.49,34.2 1 1
github.com/gymbot/workout-tracker-back/pkg/apperror/errors.go:37.51,42.2 1 1
github.com/gymbot/workout-tracker-back/pkg/apperror/errors.go:45.60,51.2 1 1
github.com/gymbot/workout-tracker-back/pkg/apperror/errors.go:54.53,59.2 1 1
github.com/gymbot/workout-tracker-back/pkg/apperror/errors.go:62.49,67.2 1 1
github.com/gymbot/workout-tracker-back/pkg/apperror/errors.go:70.33,73.2 2 1
github.com/gymbot/workout-tracker-back/pkg/apperror/errors.go:76.35,79.2 2 1
github.com/gymbot/workout-tracker-back/pkg/response/response.go:24.48,29.2 1 1
github.com/gymbot/workout-tracker-back/pkg/response/response.go:32.48,37.2 1 1
github.com/gymbot/workout-tracker-back/pkg/response/response.go:40.32,42.2 1 1
github.com/gymbot/workout-tracker-back/pkg/response/response.go:45.39,47.9 2 1
github.com/gymbot/workout-tracker-back/pkg/response/response.go:47.9,50.3 1 1
github.com/gymbot/workout-tracker-back/pkg/response/response.go:52.2,58.4 1 1
github.com/gymbot/workout-tracker-back/pkg/response/response.go:62.49,70.2 1 1
github.com/gymbot/workout-tracker-back/pkg/response/response.go:73.47,81.2 1 1
github.com/gymbot/workout-tracker-back/pkg/response/response.go:84.51,92.2 1 1
github.com/gymbot/workout-tracker-back/pkg/response/response.go:95.58,103.2 1 1
github.com/gymbot/workout-tracker-back/cmd/api/main.go:17.13,20.16 2 0
github.com/gymbot/workout-tracker-back/cmd/api/main.go:20.16,22.3 1 0
github.com/gymbot/workout-tracker-back/cmd/api/main.go:25.2,26.16 2 0
github.com/gymbot/workout-tracker-back/cmd/api/main.go:26.16,28.3 1 0
github.com/gymbot/workout-tracker-back/cmd/api/main.go:29.2,39.52 6 0
github.com/gymbot/workout-tracker-back/cmd/api/main.go:39.52,41.3 1 0
github.com/gymbot/workout-tracker-back/cmd/api/main.go:44.2,59.12 10 0
github.com/gymbot/workout-tracker-back/cmd/api/main.go:59.12,61.54 2 0
github.com/gymbot/workout-tracker-back/cmd/api/main.go:61.54,63.4 1 0
github.com/gymbot/workout-tracker-back/cmd/api/main.go:67.2,71.40 4 0
github.com/gymbot/workout-tracker-back/internal/adapter/http/router.go:24.11,31.2 1 1
github.com/gymbot/workout-tracker-back/internal/adapter/http/router.go:34.52,45.2 7 1
github.com/gymbot/workout-tracker-back/internal/adapter/http/router.go:45.2,55.3 5 1
github.com/gymbot/workout-tracker-back/internal/adapter/http/router.go:55.3,58.4 2 1
github.com/gymbot/workout-tracker-back/internal/adapter/http/router.go:61.3,63.3 3 1
github.com/gymbot/workout-tracker-back/internal/adapter/http/router.go:63.3,66.4 2 1
github.com/gymbot/workout-tracker-back/internal/adapter/http/router.go:70.2,74.40 3 1
github.com/gymbot/workout-tracker-back/internal/adapter/http/router.go:74.40,76.3 1 0
github.com/gymbot/workout-tracker-back/internal/adapter/http/router.go:78.2,78.17 1 1
github.com/gymbot/workout-tracker-back/internal/adapter/http/router.go:82.41,84.2 1 0
